npm warn Unknown project config "always-auth". This will stop working in the next major version of npm. See `npm help npmrc` for supported config options.
Browserslist: browsers data (caniuse-lite) is 22 months old. Please run:
  npx update-browserslist-db@latest
  Why you should do it regularly: https://github.com/browserslist/update-db#readme
  createLinkName

[passed tests collapsed: 4]
Test Suites: 1 passed, 1 total
Tests:       3 passed, 3 total
Snapshots:   0 total
Time:        0.487 s
Ran all test suites matching /tests\/unit\/helpers\/createLinkName.spec.js/i.
