[file] 100B    file-01.txt
[file] 200B    file-02.txt
[file] 300B    file-03.txt
[file] 400B    file-04.txt
[file] 500B    file-05.txt
[file] 600B    file-06.txt
[file] 700B    file-07.txt
[file] 800B    file-08.txt
[file] 900B    file-09.txt
[file] 1000B   file-10.txt
[file] 1.1K    file-11.txt
[file] 1.2K    file-12.txt
[file] 1.3K    file-13.txt
[file] 1.4K    file-14.txt
[file] 1.5K    file-15.txt
[file] 1.6K    file-16.txt
[file] 1.7K    file-17.txt
[file] 1.8K    file-18.txt
[file] 1.9K    file-19.txt
[file] 2.0K    file-20.txt
[file] 2.1K    file-21.txt
[file] 2.1K    file-22.txt
[file] 2.2K    file-23.txt
[file] 2.3K    file-24.txt
[file] 2.4K    file-25.txt
[file] 2.5K    file-26.txt
[file] 2.6K    file-27.txt
[file] 2.7K    file-28.txt
[file] 2.8K    file-29.txt
[file] 2.9K    file-30.txt
[file] 3.0K    file-31.txt
[file] 3.1K    file-32.txt
[file] 3.2K    file-33.txt
[file] 3.3K    file-34.txt
[file] 3.4K    file-35.txt
  ... (10 additional entries collapsed: 10 files, 0 dirs)
